This is pdfTeX, Version 3.141592653-2.6-1.40.28 (MiKTeX 25.12) (preloaded format=pdflatex.fmt)
 restricted \write18 enabled.
entering extended mode
(main.tex
LaTeX2e <2025-11-01>
L3 programming layer <2025-12-24>
(jair.cls
Document Class: jair 2025/08/15 JAIR class extending acmart
(acmart.cls
Document Class: acmart 2024/12/28 v2.12 Typesetting articles for the Associatio
n for Computing Machinery
(C:\Users\bdd3\AppData\Local\Programs\MiKTeX\tex/latex/xkeyval\xkeyval.sty
(C:\Users\bdd3\AppData\Local\Programs\MiKTeX\tex/generic/xkeyval\xkeyval.tex
(C:\Users\bdd3\AppData\Local\Programs\MiKTeX\tex/generic/xkeyval\xkvutils.tex
(C:\Users\bdd3\AppData\Local\Programs\MiKTeX\tex/generic/xkeyval\keyval.tex))))
 (C:\Users\bdd3\AppData\Local\Programs\MiKTeX\tex/latex/xstring\xstring.sty
(C:\Users\bdd3\AppData\Local\Programs\MiKTeX\tex/generic/xstring\xstring.tex))
(C:\Users\bdd3\AppData\Local\Programs\MiKTeX\tex/generic/iftex\iftex.sty)
(C:\Users\bdd3\AppData\Local\Programs\MiKTeX\tex/latex/amscls\amsart.cls
Document Class: amsart 2020/05/29 v2.20.6
(C:\Users\bdd3\AppData\Local\Programs\MiKTeX\tex/latex/amsmath\amsmath.sty
For additional information on amsmath, use the `?' option.
(C:\Users\bdd3\AppData\Local\Programs\MiKTeX\tex/latex/amsmath\amstext.sty
(C:\Users\bdd3\AppData\Local\Programs\MiKTeX\tex/latex/amsmath\amsgen.sty))
(C:\Users\bdd3\AppData\Local\Programs\MiKTeX\tex/latex/amsmath\amsbsy.sty)
(C:\Users\bdd3\AppData\Local\Programs\MiKTeX\tex/latex/amsmath\amsopn.sty))
(C:\Users\bdd3\AppData\Local\Programs\MiKTeX\tex/latex/amsfonts\umsa.fd)
(C:\Users\bdd3\AppData\Local\Programs\MiKTeX\tex/latex/amsfonts\amsfonts.sty))
(C:\Users\bdd3\AppData\Local\Programs\MiKTeX\tex/latex/microtype\microtype.sty
(C:\Users\bdd3\AppData\Local\Programs\MiKTeX\tex/latex/etoolbox\etoolbox.sty)
(C:\Users\bdd3\AppData\Local\Programs\MiKTeX\tex/latex/microtype\microtype-pdft
ex.def)
(C:\Users\bdd3\AppData\Local\Programs\MiKTeX\tex/latex/microtype\microtype.cfg)
) (C:\Users\bdd3\AppData\Local\Programs\MiKTeX\tex/latex/booktabs\booktabs.sty)
 (C:\Users\bdd3\AppData\Local\Programs\MiKTeX\tex/latex/refcount\refcount.sty
(C:\Users\bdd3\AppData\Local\Programs\MiKTeX\tex/generic/ltxcmds\ltxcmds.sty)
(C:\Users\bdd3\AppData\Local\Programs\MiKTeX\tex/generic/infwarerr\infwarerr.st
y))
(C:\Users\bdd3\AppData\Local\Programs\MiKTeX\tex/latex/totpages\totpages.sty
(C:\Users\bdd3\AppData\Local\Programs\MiKTeX\tex/latex/everyshi\everyshi.sty))
(C:\Users\bdd3\AppData\Local\Programs\MiKTeX\tex/latex/environ\environ.sty
(C:\Users\bdd3\AppData\Local\Programs\MiKTeX\tex/latex/trimspaces\trimspaces.st
y))
(C:\Users\bdd3\AppData\Local\Programs\MiKTeX\tex/latex/hyperref\hyperref.sty
(C:\Users\bdd3\AppData\Local\Programs\MiKTeX\tex/latex/kvsetkeys\kvsetkeys.sty)

(C:\Users\bdd3\AppData\Local\Programs\MiKTeX\tex/generic/kvdefinekeys\kvdefinek
eys.sty)
(C:\Users\bdd3\AppData\Local\Programs\MiKTeX\tex/generic/pdfescape\pdfescape.st
y
(C:\Users\bdd3\AppData\Local\Programs\MiKTeX\tex/generic/pdftexcmds\pdftexcmds.
sty))
(C:\Users\bdd3\AppData\Local\Programs\MiKTeX\tex/latex/hycolor\hycolor.sty)
(C:\Users\bdd3\AppData\Local\Programs\MiKTeX\tex/latex/hyperref\nameref.sty
(C:\Users\bdd3\AppData\Local\Programs\MiKTeX\tex/generic/gettitlestring\gettitl
estring.sty
(C:\Users\bdd3\AppData\Local\Programs\MiKTeX\tex/latex/kvoptions\kvoptions.sty)
))
(C:\Users\bdd3\AppData\Local\Programs\MiKTeX\tex/generic/stringenc\stringenc.st
y) (C:\Users\bdd3\AppData\Local\Programs\MiKTeX\tex/latex/hyperref\pd1enc.def)
(C:\Users\bdd3\AppData\Local\Programs\MiKTeX\tex/generic/intcalc\intcalc.sty)
(C:\Users\bdd3\AppData\Local\Programs\MiKTeX\tex/latex/hyperref\puenc.def)
(C:\Users\bdd3\AppData\Local\Programs\MiKTeX\tex/latex/url\url.sty)
(C:\Users\bdd3\AppData\Local\Programs\MiKTeX\tex/generic/bitset\bitset.sty
(C:\Users\bdd3\AppData\Local\Programs\MiKTeX\tex/generic/bigintcalc\bigintcalc.
sty)))
(C:\Users\bdd3\AppData\Local\Programs\MiKTeX\tex/latex/hyperref\hpdftex.def
(C:\Users\bdd3\AppData\Local\Programs\MiKTeX\tex/latex/rerunfilecheck\rerunfile
check.sty
(C:\Users\bdd3\AppData\Local\Programs\MiKTeX\tex/generic/uniquecounter\uniqueco
unter.sty)))
(C:\Users\bdd3\AppData\Local\Programs\MiKTeX\tex/latex/hyperxmp\hyperxmp.sty
(C:\Users\bdd3\AppData\Local\Programs\MiKTeX\tex/latex/ifmtarg\ifmtarg.sty)
(C:\Users\bdd3\AppData\Local\Programs\MiKTeX\tex/latex/base\ifthen.sty)
(C:\Users\bdd3\AppData\Local\Programs\MiKTeX\tex/latex/oberdiek\ifdraft.sty)
(C:\Users\bdd3\AppData\Local\Programs\MiKTeX\tex/generic/iftex\ifluatex.sty))
(C:\Users\bdd3\AppData\Local\Programs\MiKTeX\tex/latex/graphics\graphicx.sty
(C:\Users\bdd3\AppData\Local\Programs\MiKTeX\tex/latex/graphics\graphics.sty
(C:\Users\bdd3\AppData\Local\Programs\MiKTeX\tex/latex/graphics\trig.sty)
(C:\Users\bdd3\AppData\Local\Programs\MiKTeX\tex/latex/graphics-cfg\graphics.cf
g)
(C:\Users\bdd3\AppData\Local\Programs\MiKTeX\tex/latex/graphics-def\pdftex.def)
)) (C:\Users\bdd3\AppData\Local\Programs\MiKTeX\tex/latex/xcolor\xcolor.sty
(C:\Users\bdd3\AppData\Local\Programs\MiKTeX\tex/latex/graphics-cfg\color.cfg)
(C:\Users\bdd3\AppData\Local\Programs\MiKTeX\tex/latex/graphics\mathcolor.ltx))
 (C:\Users\bdd3\AppData\Local\Programs\MiKTeX\tex/latex/geometry\geometry.sty
(C:\Users\bdd3\AppData\Local\Programs\MiKTeX\tex/generic/iftex\ifvtex.sty)
(C:\Users\bdd3\AppData\Local\Programs\MiKTeX\tex/latex/geometry\geometry.cfg))
(C:\Users\bdd3\AppData\Local\Programs\MiKTeX\tex/latex/ncctools\manyfoot.sty
(C:\Users\bdd3\AppData\Local\Programs\MiKTeX\tex/latex/ncctools\nccfoots.sty))
(C:\Users\bdd3\AppData\Local\Programs\MiKTeX\tex/generic/pdftex\glyphtounicode.
tex) (C:\Users\bdd3\AppData\Local\Programs\MiKTeX\tex/latex/cmap\cmap.sty)
(C:\Users\bdd3\AppData\Local\Programs\MiKTeX\tex/latex/base\fontenc.sty<<t1.cma
p>>)
(C:\Users\bdd3\AppData\Local\Programs\MiKTeX\tex/latex/libertine\libertine.sty
(C:\Users\bdd3\AppData\Local\Programs\MiKTeX\tex/generic/iftex\ifxetex.sty)
(C:\Users\bdd3\AppData\Local\Programs\MiKTeX\tex/latex/base\textcomp.sty)
(C:\Users\bdd3\AppData\Local\Programs\MiKTeX\tex/latex/base\fontenc.sty)
(C:\Users\bdd3\AppData\Local\Programs\MiKTeX\tex/latex/fontaxes\fontaxes.sty
(C:\Users\bdd3\AppData\Local\Programs\MiKTeX\tex/latex/figureversions\figurever
sions.sty))
(C:\Users\bdd3\AppData\Local\Programs\MiKTeX\tex/latex/libertine\LinLibertine_I
.tex))
(C:\Users\bdd3\AppData\Local\Programs\MiKTeX\tex/latex/inconsolata\zi4.sty
`inconsolata-zi4' v1.12, 2019/05/17 Text macros for Inconsolata (msharpe))
(C:\Users\bdd3\AppData\Local\Programs\MiKTeX\tex/latex/newtx\newtxmath.sty
`newtxmath' v1.754, 2024/09/22 Math macros based originally on txfonts (msharpe
) (C:\Users\bdd3\AppData\Local\Programs\MiKTeX\tex/latex/oberdiek\centernot.sty
) (C:\Users\bdd3\AppData\Local\Programs\MiKTeX\tex/generic/binhex\binhex.tex)
amsthm NOT loaded
) (C:\Users\bdd3\AppData\Local\Programs\MiKTeX\tex/latex/caption\caption.sty
(C:\Users\bdd3\AppData\Local\Programs\MiKTeX\tex/latex/caption\caption3.sty
(C:\Users\bdd3\AppData\Local\Programs\MiKTeX\tex/latex/caption\caption-ams-smf.
sto))) (C:\Users\bdd3\AppData\Local\Programs\MiKTeX\tex/latex/float\float.sty)
(C:\Users\bdd3\AppData\Local\Programs\MiKTeX\tex/latex/comment\comment.sty
Excluding comment 'comment') Excluding comment 'CCSXML'
(C:\Users\bdd3\AppData\Local\Programs\MiKTeX\tex/latex/fancyhdr\fancyhdr.sty)
Special comment 'acks'
(C:\Users\bdd3\AppData\Local\Programs\MiKTeX\tex/latex/libertine\t1linuxliberti
net-tlf.fd))
(C:\Users\bdd3\AppData\Local\Programs\MiKTeX\tex/latex/textcase\textcase.sty)
(C:\Users\bdd3\AppData\Local\Programs\MiKTeX\tex/latex/doclicense\doclicense.st
y (C:\Users\bdd3\AppData\Local\Programs\MiKTeX\tex/latex/xifthen\xifthen.sty
(C:\Users\bdd3\AppData\Local\Programs\MiKTeX\tex/latex/tools\calc.sty))
(C:\Users\bdd3\AppData\Local\Programs\MiKTeX\tex/latex/tools\xspace.sty)
(C:\Users\bdd3\AppData\Local\Programs\MiKTeX\tex/latex/tools\verbatim.sty)
(C:\Users\bdd3\AppData\Local\Programs\MiKTeX\tex/latex/doclicense\doclicense-en
glish.ldf)))
(C:\Users\bdd3\AppData\Local\Programs\MiKTeX\tex/latex/biblatex\biblatex.sty
(C:\Users\bdd3\AppData\Local\Programs\MiKTeX\tex/latex/logreq\logreq.sty
(C:\Users\bdd3\AppData\Local\Programs\MiKTeX\tex/latex/logreq\logreq.def))
(C:\Users\bdd3\AppData\Local\Programs\MiKTeX\tex/latex/biblatex\blx-dm.def)
(acmdatamodel.dbx
(C:\Users\bdd3\AppData\Local\Programs\MiKTeX\tex/latex/biblatex-software\softwa
re.dbx))
(C:\Users\bdd3\AppData\Local\Programs\MiKTeX\tex/latex/biblatex\blx-compat.def)
(C:\Users\bdd3\AppData\Local\Programs\MiKTeX\tex/latex/biblatex\biblatex.def)
(acmauthoryear.bbx
(C:\Users\bdd3\AppData\Local\Programs\MiKTeX\tex/latex/biblatex/bbx\authoryear-
comp.bbx
(C:\Users\bdd3\AppData\Local\Programs\MiKTeX\tex/latex/biblatex/bbx\authoryear.
bbx
(C:\Users\bdd3\AppData\Local\Programs\MiKTeX\tex/latex/biblatex/bbx\standard.bb
x)))
(C:\Users\bdd3\AppData\Local\Programs\MiKTeX\tex/latex/biblatex-software\softwa
re.bbx (C:\Users\bdd3\AppData\Local\Programs\MiKTeX\tex/latex/xurl\xurl.sty
xurl: Set penalties for biblatex
)) (C:\Users\bdd3\AppData\Local\Programs\MiKTeX\tex/latex/xpatch\xpatch.sty
(C:\Users\bdd3\AppData\Local\Programs\MiKTeX\tex/latex/l3kernel\expl3.sty
(C:\Users\bdd3\AppData\Local\Programs\MiKTeX\tex/latex/l3backend\l3backend-pdft
ex.def))
(C:\Users\bdd3\AppData\Local\Programs\MiKTeX\tex/latex/l3packages/xparse\xparse
.sty))) (acmauthoryear.cbx
(C:\Users\bdd3\AppData\Local\Programs\MiKTeX\tex/latex/biblatex/cbx\authoryear-
comp.cbx))
(C:\Users\bdd3\AppData\Local\Programs\MiKTeX\tex/latex/biblatex\biblatex.cfg)
(C:\Users\bdd3\AppData\Local\Programs\MiKTeX\tex/latex/biblatex\blx-case-expl3.
sty)) (C:\Users\bdd3\AppData\Local\Programs\MiKTeX\tex/latex/tools\array.sty)
(C:\Users\bdd3\AppData\Local\Programs\MiKTeX\tex/latex/enumitem\enumitem.sty)
(results_macros.tex) Include comment 'screenonly'
Excluding comment 'printonly' Include comment 'anonsuppress'
(C:\Users\bdd3\AppData\Local\Programs\MiKTeX\tex/latex/ccicons\ccicons.sty)
(C:\Users\bdd3\AppData\Local\Programs\MiKTeX\tex/latex/csquotes\csquotes.sty
(C:\Users\bdd3\AppData\Local\Programs\MiKTeX\tex/latex/csquotes\csquotes.def)
(C:\Users\bdd3\AppData\Local\Programs\MiKTeX\tex/latex/csquotes\csquotes.cfg))
(main.aux)
(C:\Users\bdd3\AppData\Local\Programs\MiKTeX\tex/latex/newtx\omlnxlmi.fd)
(C:\Users\bdd3\AppData\Local\Programs\MiKTeX\tex/latex/newtx\untxexa.fd)
(C:\Users\bdd3\AppData\Local\Programs\MiKTeX\tex/latex/newtx\lmsntxsy.fd)
(C:\Users\bdd3\AppData\Local\Programs\MiKTeX\tex/latex/newtx\lmxntxexx.fd)
(C:\Users\bdd3\AppData\Local\Programs\MiKTeX\tex/latex/libertine\ot1linuxlibert
inet-tlf.fd)<<ot1.cmap>><<oml.cmap>>
(C:\Users\bdd3\AppData\Local\Programs\MiKTeX\tex/latex/amsfonts\umsa.fd)
(C:\Users\bdd3\AppData\Local\Programs\MiKTeX\tex/latex/amsfonts\umsb.fd)
(C:\Users\bdd3\AppData\Local\Programs\MiKTeX\tex/latex/newtx\untxmia.fd)
(C:\Users\bdd3\AppData\Local\Programs\MiKTeX\tex/latex/newtx\untxsym.fd)
(C:\Users\bdd3\AppData\Local\Programs\MiKTeX\tex/latex/newtx\untxsyc.fd)
(main.out) (main.out)
(C:\Users\bdd3\AppData\Local\Programs\MiKTeX\tex/context/base/mkii\supp-pdf.mki
i
[Loading MPS to PDF converter (version 2006.09.02).]
)
(C:\Users\bdd3\AppData\Local\Programs\MiKTeX\tex/latex/epstopdf-pkg\epstopdf-ba
se.sty
(C:\Users\bdd3\AppData\Local\Programs\MiKTeX\tex/latex/00miktex\epstopdf-sys.cf
g))
*geometry* driver: auto-detecting
*geometry* detected driver: pdftex
(C:\Users\bdd3\AppData\Local\Programs\MiKTeX\tex/latex/upquote\upquote.sty)
(C:\Users\bdd3\AppData\Local\Programs\MiKTeX\tex/latex/biblatex/lbx\american.lb
x
(C:\Users\bdd3\AppData\Local\Programs\MiKTeX\tex/latex/biblatex-software\englis
h-software.lbx
(C:\Users\bdd3\AppData\Local\Programs\MiKTeX\tex/latex/biblatex/lbx\english.lbx
))
(C:\Users\bdd3\AppData\Local\Programs\MiKTeX\tex/latex/biblatex-software\englis
h-software.lbx
(C:\Users\bdd3\AppData\Local\Programs\MiKTeX\tex/latex/biblatex/lbx\english.lbx
))) (main.bbl)
(C:\Users\bdd3\AppData\Local\Programs\MiKTeX\tex/latex/libertine\t1linuxbiolinu
mt-tlf.fd)
(C:\Users\bdd3\AppData\Local\Programs\MiKTeX\tex/latex/microtype\mt-msa.cfg)
(C:\Users\bdd3\AppData\Local\Programs\MiKTeX\tex/latex/microtype\mt-msb.cfg)
(C:\Users\bdd3\AppData\Local\Programs\MiKTeX\tex/latex/libertine\ts1linuxbiolin
umt-tlf.fd)

Class acmart Warning: No city present for an affiliation.


Class acmart Warning: No city present for an affiliation.


Class acmart Warning: No city present for an affiliation.


Class acmart Warning: No city present for an affiliation.


(C:\Users\bdd3\AppData\Local\Programs\MiKTeX\tex/latex/libertine\ts1linuxlibert
inet-tlf.fd) [1.1{C:/Users/bdd3/AppData/Local/MiKTeX/fonts/map/pdftex/pdftex.ma
p}{C:/Users/bdd3/AppData/Local/Programs/MiKTeX/fonts/enc/dvips/libertine/lbtn_2
5tcsq.enc}{C:/Users/bdd3/AppData/Local/Programs/MiKTeX/fonts/enc/dvips/libertin
e/lbtn_afusau.enc}{C:/Users/bdd3/AppData/Local/Programs/MiKTeX/fonts/enc/dvips/
libertine/lbtn_76gpa5.enc}{C:/Users/bdd3/AppData/Local/Programs/MiKTeX/fonts/en
c/dvips/libertine/lbtn_nh77jq.enc}{C:/Users/bdd3/AppData/Local/Programs/MiKTeX/
fonts/enc/dvips/libertine/lbtn_7grukw.enc}{C:/Users/bdd3/AppData/Local/Programs
/MiKTeX/fonts/enc/dvips/libertine/lbtn_ncsllp.enc}{C:/Users/bdd3/AppData/Local/
Programs/MiKTeX/fonts/enc/dvips/libertine/lbtn_naooyc.enc} <C:/Users/bdd3/AppDa
ta/Local/Programs/MiKTeX/tex/latex/doclicense/images/doclicense-CC-by-88x31.pdf
>] [2.2] [3.3] [4.4{C:/Users/bdd3/AppData/Local/Programs/MiKTeX/fonts/enc/dvips
/libertine/lbtn_oexx6f.enc}]

Class acmart Warning: A possible image without description on input line 380.

[5.5{C:/Users/bdd3/AppData/Local/Programs/MiKTeX/fonts/enc/dvips/libertine/lbtn
_fygcup.enc} <./figures/layers.png>]

Class acmart Warning: A possible image without description on input line 440.

(tab_controls.tex) [6.6]

Class acmart Warning: A possible image without description on input line 488.

(tab_auc.tex) [7.7 <./figures/decay.png>] (tab_drift.tex) [8.8 <./figures/coupl
ing.png>] (tab_sqcontrol.tex) [9.9] (tab_mechanism.tex
Overfull \hbox (6.66743pt too wide) in paragraph at lines 12--27
 [][] 
)

Class acmart Warning: A possible image without description on input line 597.

[10.10] (tab_patch.tex
Overfull \hbox (58.76822pt too wide) in paragraph at lines 10--20
 [][] 
) [11.11 <./figures/belief.png>]

Class acmart Warning: A possible image without description on input line 660.

(tab_strictness.tex [12.12 <./figures/patch_calibration.png>]) (tab_horizon.tex
) (tab_scale.tex) [13.13]

Class acmart Warning: A possible image without description on input line 766.

[14.14] [15.15 <./figures/scale.png>]
Underfull \vbox (badness 1097) has occurred while \output is active [16.16]
[17.17] (tab_boxes.tex) [18.18]
(C:\Users\bdd3\AppData\Local\Programs\MiKTeX\tex/latex/inconsolata\t1zi4.fd)
[19.19{C:/Users/bdd3/AppData/Local/Programs/MiKTeX/fonts/enc/dvips/inconsolata/
i4-t1-4.enc}]
pdfTeX warning (ext4): destination with the same identifier (name{appendix.A}) 
has been already used, duplicate ignored
<to be read again> 
                   \relax 
l.1114 ...tion{Reproducibility Checklist for JAIR}
                                                  
Underfull \vbox (badness 3701) has occurred while \output is active [20.20]
Underfull \vbox (badness 6725) has occurred while \output is active [21.21]

Class acmart Warning: Some images may lack descriptions.


(C:\Users\bdd3\AppData\Local\Programs\MiKTeX\tex/generic/stringenc\se-pdfdoc.de
f)
(C:\Users\bdd3\AppData\Local\Programs\MiKTeX\tex/generic/stringenc\se-utf8.def)
 [22.22] (main.aux) )
(see the transcript file for additional information)<C:/Users/bdd3/AppData/Loca
l/Programs/MiKTeX/fonts/type1/public/inconsolata/Inconsolata-zi4r.pfb><C:/Users
/bdd3/AppData/Local/Programs/MiKTeX/fonts/type1/public/newtx/LibertineMathMI.pf
b><C:/Users/bdd3/AppData/Local/Programs/MiKTeX/fonts/type1/public/newtx/Liberti
neMathMI5.pfb><C:/Users/bdd3/AppData/Local/Programs/MiKTeX/fonts/type1/public/n
ewtx/LibertineMathMI7.pfb><C:/Users/bdd3/AppData/Local/Programs/MiKTeX/fonts/ty
pe1/public/newtx/LibertineMathRM.pfb><C:/Users/bdd3/AppData/Local/Programs/MiKT
eX/fonts/type1/public/libertine/LinBiolinumT.pfb><C:/Users/bdd3/AppData/Local/P
rograms/MiKTeX/fonts/type1/public/libertine/LinBiolinumTB.pfb><C:/Users/bdd3/Ap
pData/Local/Programs/MiKTeX/fonts/type1/public/libertine/LinLibertineT.pfb><C:/
Users/bdd3/AppData/Local/Programs/MiKTeX/fonts/type1/public/libertine/LinLibert
ineTB.pfb><C:/Users/bdd3/AppData/Local/Programs/MiKTeX/fonts/type1/public/liber
tine/LinLibertineTI.pfb><C:/Users/bdd3/AppData/Local/Programs/MiKTeX/fonts/type
1/public/libertine/LinLibertineTZ.pfb><C:/Users/bdd3/AppData/Local/Programs/MiK
TeX/fonts/type1/public/newtx/NewTXMI.pfb><C:/Users/bdd3/AppData/Local/Programs/
MiKTeX/fonts/type1/public/newtx/txexs.pfb><C:/Users/bdd3/AppData/Local/Programs
/MiKTeX/fonts/type1/public/newtx/txmiaX.pfb><C:/Users/bdd3/AppData/Local/Progra
ms/MiKTeX/fonts/type1/public/newtx/txsym.pfb><C:/Users/bdd3/AppData/Local/Progr
ams/MiKTeX/fonts/type1/public/newtx/txsys.pfb>
Output written on main.pdf (22 pages, 972088 bytes).
Transcript written on main.log.
pdflatex: major issue: So far, you have not checked for MiKTeX updates.
